// Vitest Snapshot v1, https://vitest.dev/guide/snapshot.html

exports[`globe > should accept a ref 1`] = `
<DocumentFragment>
  <div
    style="position: relative; width: 100%; height: 100%;"
  />
</DocumentFragment>
`;

exports[`globe > should render 1`] = `
<DocumentFragment>
  <div
    style="position: relative; width: 100%; height: 100%;"
  />
</DocumentFragment>
`;
