// Vitest Snapshot v1, https://vitest.dev/guide/snapshot.html

exports[`Map > it should render 1`] = `
<DocumentFragment>
  <div>
    Header!
  </div>
  <div
    style="position: relative; width: 100%; height: 100%;"
  />
</DocumentFragment>
`;
