// Vitest Snapshot v1, https://vitest.dev/guide/snapshot.html

exports[`CountriesContext > it should render provider 1`] = `
<DocumentFragment>
  Hello world!
</DocumentFragment>
`;
