// Jest Snapshot v1, https://goo.gl/fbAQLP

exports[`AppComponent should render 1`] = `
<app-root>
  <div
    class="flex h-full"
  >
    <app-menu
      class="basis-1/3"
    />
    <app-map
      class="basis-2/3"
    />
  </div>
</app-root>
`;
